Copyright 1986-2020 Xilinx, Inc. All Rights Reserved.
--------------------------------------------------------------------------------------------------------------------
| Tool Version      : Vivado v.2020.1.1 (win64) Build 2960000 Wed Aug  5 22:57:20 MDT 2020
| Date              : Sun Oct 18 22:47:15 2020
| Host              : curlywei-PC running 64-bit major release  (build 9200)
| Command           : report_clock_utilization -file gtwizard_ultrascale_0_example_top_clock_utilization_routed.rpt
| Design            : gtwizard_ultrascale_0_example_top
| Device            : xcvu095-ffva2104
| Speed File        : -2  PRODUCTION 1.26 12-04-2018
| Temperature Grade : E
| Design State      : Routed
--------------------------------------------------------------------------------------------------------------------

Clock Utilization Report

Table of Contents
-----------------
1. Clock Primitive Utilization
2. Global Clock Resources
3. Global Clock Source Details
4. Clock Regions : Clock Primitives
5. Clock Regions : Load Primitives
6. Clock Regions : Global Clock Summary
7. Clock Regions : Routing Resource Utilization
8. Device Cell Placement Summary for Global Clock g0
9. Device Cell Placement Summary for Global Clock g1
10. Device Cell Placement Summary for Global Clock g2
11. Device Cell Placement Summary for Global Clock g3
12. Device Cell Placement Summary for Global Clock g4
13. Clock Region Cell Placement per Global Clock: Region X0Y2
14. Clock Region Cell Placement per Global Clock: Region X1Y2
15. Clock Region Cell Placement per Global Clock: Region X2Y2
16. Clock Region Cell Placement per Global Clock: Region X3Y2
17. Clock Region Cell Placement per Global Clock: Region X0Y3
18. Clock Region Cell Placement per Global Clock: Region X1Y3
19. Clock Region Cell Placement per Global Clock: Region X2Y3

1. Clock Primitive Utilization
------------------------------

+------------+------+-----------+-----+--------------+--------+
| Type       | Used | Available | LOC | Clock Region | Pblock |
+------------+------+-----------+-----+--------------+--------+
| BUFGCE     |    3 |       384 |   0 |            0 |      0 |
| BUFGCE_DIV |    0 |        64 |   0 |            0 |      0 |
| BUFGCTRL   |    0 |       128 |   0 |            0 |      0 |
| BUFG_GT    |    2 |       384 |   0 |            0 |      0 |
| MMCM       |    1 |        16 |   0 |            0 |      0 |
| PLL        |    0 |        32 |   0 |            0 |      0 |
+------------+------+-----------+-----+--------------+--------+


2. Global Clock Resources
-------------------------

+-----------+-----------+-----------------+------------+---------------+--------------+------+-------------------+-------------------+-------------+-----------------+--------------+--------------------------------------------------------------------------------------------+--------------------------------------------------------------------------------------------+------------------------------------------------------------+
| Global Id | Source Id | Driver Type/Pin | Constraint | Site          | Clock Region | Root | Clock Delay Group | Load Clock Region | Clock Loads | Non-Clock Loads | Clock Period | Clock                                                                                      | Driver Pin                                                                                 | Net                                                        |
+-----------+-----------+-----------------+------------+---------------+--------------+------+-------------------+-------------------+-------------+-----------------+--------------+--------------------------------------------------------------------------------------------+--------------------------------------------------------------------------------------------+------------------------------------------------------------+
| g0        | src0      | BUFGCE/O        | None       | BUFGCE_X1Y68  | X3Y2         | X1Y2 |                   |                 4 |        1097 |               0 |        8.000 | clk_out1_clk_wiz_0                                                                         | clk_wiz_0_inst/inst/clkout1_buf/O                                                          | clk_wiz_0_inst/inst/clk_out1                               |
| g1        | src0      | BUFGCE/O        | None       | BUFGCE_X1Y62  | X3Y2         | X1Y2 |                   |                 1 |           8 |               0 |        8.000 | clk_out1_clk_wiz_0                                                                         | clk_wiz_0_inst/inst/clkout1_buf_en/O                                                       | clk_wiz_0_inst/inst/clk_out1_clk_wiz_0_en_clk              |
| g2        | src1      | BUFGCE/O        | None       | BUFGCE_X0Y74  | X2Y3         | X1Y3 |                   |                 2 |         460 |               0 |       33.000 | dbg_hub/inst/BSCANID.u_xsdbm_id/SWITCH_N_EXT_BSCAN.bscan_inst/SERIES7_BSCAN.bscan_inst/TCK | dbg_hub/inst/BSCANID.u_xsdbm_id/SWITCH_N_EXT_BSCAN.u_bufg_icon_tck/O                       | dbg_hub/inst/BSCANID.u_xsdbm_id/itck_i                     |
| g3        | src2      | BUFG_GT/O       | None       | BUFG_GT_X0Y73 | X0Y3         | X0Y3 |                   |                 1 |         455 |               0 |        2.560 | rxoutclk_out[3]                                                                            | example_wrapper_inst/gtwiz_userclk_rx_inst/gen_gtwiz_userclk_rx_main.bufg_gt_usrclk_inst/O | example_wrapper_inst/gtwiz_userclk_rx_inst/rxusrclk2_in[0] |
| g4        | src2      | BUFG_GT/O       | None       | BUFG_GT_X0Y72 | X0Y3         | X0Y3 |                   |                 1 |         415 |               0 |        2.560 | txoutclk_out[3]                                                                            | example_wrapper_inst/gtwiz_userclk_tx_inst/gen_gtwiz_userclk_tx_main.bufg_gt_usrclk_inst/O | example_wrapper_inst/gtwiz_userclk_tx_inst/txusrclk2_in[0] |
+-----------+-----------+-----------------+------------+---------------+--------------+------+-------------------+-------------------+-------------+-----------------+--------------+--------------------------------------------------------------------------------------------+--------------------------------------------------------------------------------------------+------------------------------------------------------------+
* Clock Loads column represents the clock pin loads (pin count)
** Non-Clock Loads column represents the non-clock pin loads (pin count)


3. Global Clock Source Details
------------------------------

+-----------+-----------+------------------------+---------------------+---------------------+--------------+-------------+-----------------+---------------------+--------------------------------------------------------------------------------------------+------------------------------------------------------------------------------------------------------------------------------------------------------------------------------------------------------------------------------------------------------------------------------------------------------------+-----------------------------------------------------------------------------------------------------------------------------------------------------------------------------------------------------------------------------------------------+
| Source Id | Global Id | Driver Type/Pin        | Constraint          | Site                | Clock Region | Clock Loads | Non-Clock Loads | Source Clock Period | Source Clock                                                                               | Driver Pin                                                                                                                                                                                                                                                                                                 | Net                                                                                                                                                                                                                                           |
+-----------+-----------+------------------------+---------------------+---------------------+--------------+-------------+-----------------+---------------------+--------------------------------------------------------------------------------------------+------------------------------------------------------------------------------------------------------------------------------------------------------------------------------------------------------------------------------------------------------------------------------------------------------------+-----------------------------------------------------------------------------------------------------------------------------------------------------------------------------------------------------------------------------------------------+
| src0      | g0, g1    | MMCME3_ADV/CLKOUT0     | None                | MMCME3_ADV_X1Y2     | X3Y2         |           2 |               0 |               8.000 | clk_out1_clk_wiz_0                                                                         | clk_wiz_0_inst/inst/mmcme3_adv_inst/CLKOUT0                                                                                                                                                                                                                                                                | clk_wiz_0_inst/inst/clk_out1_clk_wiz_0                                                                                                                                                                                                        |
| src1      | g2        | BSCANE2/TCK            | None                | CONFIG_SITE_X0Y0    | X4Y1         |           1 |               0 |              33.000 | dbg_hub/inst/BSCANID.u_xsdbm_id/SWITCH_N_EXT_BSCAN.bscan_inst/SERIES7_BSCAN.bscan_inst/TCK | dbg_hub/inst/BSCANID.u_xsdbm_id/SWITCH_N_EXT_BSCAN.bscan_inst/SERIES7_BSCAN.bscan_inst/TCK                                                                                                                                                                                                                 | dbg_hub/inst/BSCANID.u_xsdbm_id/SWITCH_N_EXT_BSCAN.bscan_inst/tck_bs                                                                                                                                                                          |
| src2      | g3        | GTYE3_CHANNEL/RXOUTCLK | GTYE3_CHANNEL_X0Y15 | GTYE3_CHANNEL_X0Y15 | X0Y3         |           2 |               0 |               2.560 | rxoutclk_out[3]                                                                            | example_wrapper_inst/gtwizard_ultrascale_0_inst/inst/gen_gtwizard_gtye3_top.gtwizard_ultrascale_0_gtwizard_gtye3_inst/gen_gtwizard_gtye3.gen_channel_container[3].gen_enabled_channel.gtye3_channel_wrapper_inst/channel_inst/gtye3_channel_gen.gen_gtye3_channel_inst[3].GTYE3_CHANNEL_PRIM_INST/RXOUTCLK | example_wrapper_inst/gtwizard_ultrascale_0_inst/inst/gen_gtwizard_gtye3_top.gtwizard_ultrascale_0_gtwizard_gtye3_inst/gen_gtwizard_gtye3.gen_channel_container[3].gen_enabled_channel.gtye3_channel_wrapper_inst/channel_inst/rxoutclk_out[3] |
| src2      | g4        | GTYE3_CHANNEL/TXOUTCLK | GTYE3_CHANNEL_X0Y15 | GTYE3_CHANNEL_X0Y15 | X0Y3         |           2 |               0 |               2.560 | txoutclk_out[3]                                                                            | example_wrapper_inst/gtwizard_ultrascale_0_inst/inst/gen_gtwizard_gtye3_top.gtwizard_ultrascale_0_gtwizard_gtye3_inst/gen_gtwizard_gtye3.gen_channel_container[3].gen_enabled_channel.gtye3_channel_wrapper_inst/channel_inst/gtye3_channel_gen.gen_gtye3_channel_inst[3].GTYE3_CHANNEL_PRIM_INST/TXOUTCLK | example_wrapper_inst/gtwizard_ultrascale_0_inst/inst/gen_gtwizard_gtye3_top.gtwizard_ultrascale_0_gtwizard_gtye3_inst/gen_gtwizard_gtye3.gen_channel_container[3].gen_enabled_channel.gtye3_channel_wrapper_inst/channel_inst/txoutclk_out[3] |
+-----------+-----------+------------------------+---------------------+---------------------+--------------+-------------+-----------------+---------------------+--------------------------------------------------------------------------------------------+------------------------------------------------------------------------------------------------------------------------------------------------------------------------------------------------------------------------------------------------------------------------------------------------------------+-----------------------------------------------------------------------------------------------------------------------------------------------------------------------------------------------------------------------------------------------+
* Clock Loads column represents the clock pin loads (pin count)
** Non-Clock Loads column represents the non-clock pin loads (pin count)


4. Clock Regions : Clock Primitives
-----------------------------------

+-------------------+---------------+---------------+---------------+---------------+---------------+---------------+---------------+
|                   |  Global Clock |     BUFGCE    |   BUFGCE_DIV  |    BUFGCTRL   |    BUFG_GT    |      MMCM     |      PLL      |
+-------------------+-------+-------+-------+-------+-------+-------+-------+-------+-------+-------+-------+-------+-------+-------+
| Clock Region Name | Used  | Avail | Used  | Avail | Used  | Avail | Used  | Avail | Used  | Avail | Used  | Avail | Used  | Avail |
+-------------------+-------+-------+-------+-------+-------+-------+-------+-------+-------+-------+-------+-------+-------+-------+
| X0Y0              |     0 |    24 |     0 |     0 |     0 |     0 |     0 |     0 |     0 |    24 |     0 |     0 |     0 |     0 |
| X1Y0              |     0 |    24 |     0 |     0 |     0 |     0 |     0 |     0 |     0 |     0 |     0 |     0 |     0 |     0 |
| X2Y0              |     0 |    24 |     0 |    24 |     0 |     4 |     0 |     8 |     0 |     0 |     0 |     1 |     0 |     2 |
| X3Y0              |     0 |    24 |     0 |    24 |     0 |     4 |     0 |     8 |     0 |     0 |     0 |     1 |     0 |     2 |
| X4Y0              |     0 |    24 |     0 |     0 |     0 |     0 |     0 |     0 |     0 |    24 |     0 |     0 |     0 |     0 |
| X0Y1              |     0 |    24 |     0 |     0 |     0 |     0 |     0 |     0 |     0 |    24 |     0 |     0 |     0 |     0 |
| X1Y1              |     0 |    24 |     0 |     0 |     0 |     0 |     0 |     0 |     0 |     0 |     0 |     0 |     0 |     0 |
| X2Y1              |     0 |    24 |     0 |    24 |     0 |     4 |     0 |     8 |     0 |     0 |     0 |     1 |     0 |     2 |
| X3Y1              |     0 |    24 |     0 |    24 |     0 |     4 |     0 |     8 |     0 |     0 |     0 |     1 |     0 |     2 |
| X4Y1              |     0 |    24 |     0 |     0 |     0 |     0 |     0 |     0 |     0 |    24 |     0 |     0 |     0 |     0 |
| X0Y2              |     1 |    24 |     0 |     0 |     0 |     0 |     0 |     0 |     0 |    24 |     0 |     0 |     0 |     0 |
| X1Y2              |     2 |    24 |     0 |     0 |     0 |     0 |     0 |     0 |     0 |     0 |     0 |     0 |     0 |     0 |
| X2Y2              |     4 |    24 |     0 |    24 |     0 |     4 |     0 |     8 |     0 |     0 |     0 |     1 |     0 |     2 |
| X3Y2              |     2 |    24 |     2 |    24 |     0 |     4 |     0 |     8 |     0 |     0 |     1 |     1 |     0 |     2 |
| X4Y2              |     0 |    24 |     0 |     0 |     0 |     0 |     0 |     0 |     0 |    24 |     0 |     0 |     0 |     0 |
| X0Y3              |     4 |    24 |     0 |     0 |     0 |     0 |     0 |     0 |     2 |    24 |     0 |     0 |     0 |     0 |
| X1Y3              |     2 |    24 |     0 |     0 |     0 |     0 |     0 |     0 |     0 |     0 |     0 |     0 |     0 |     0 |
| X2Y3              |     4 |    24 |     1 |    24 |     0 |     4 |     0 |     8 |     0 |     0 |     0 |     1 |     0 |     2 |
| X3Y3              |     0 |    24 |     0 |    24 |     0 |     4 |     0 |     8 |     0 |     0 |     0 |     1 |     0 |     2 |
| X4Y3              |     0 |    24 |     0 |     0 |     0 |     0 |     0 |     0 |     0 |    24 |     0 |     0 |     0 |     0 |
| X0Y4              |     0 |    24 |     0 |     0 |     0 |     0 |     0 |     0 |     0 |    24 |     0 |     0 |     0 |     0 |
| X1Y4              |     0 |    24 |     0 |     0 |     0 |     0 |     0 |     0 |     0 |     0 |     0 |     0 |     0 |     0 |
| X2Y4              |     0 |    24 |     0 |    24 |     0 |     4 |     0 |     8 |     0 |     0 |     0 |     1 |     0 |     2 |
| X3Y4              |     0 |    24 |     0 |    24 |     0 |     4 |     0 |     8 |     0 |     0 |     0 |     1 |     0 |     2 |
| X4Y4              |     0 |    24 |     0 |     0 |     0 |     0 |     0 |     0 |     0 |    24 |     0 |     0 |     0 |     0 |
| X0Y5              |     0 |    24 |     0 |     0 |     0 |     0 |     0 |     0 |     0 |    24 |     0 |     0 |     0 |     0 |
| X1Y5              |     0 |    24 |     0 |     0 |     0 |     0 |     0 |     0 |     0 |     0 |     0 |     0 |     0 |     0 |
| X2Y5              |     0 |    24 |     0 |    24 |     0 |     4 |     0 |     8 |     0 |     0 |     0 |     1 |     0 |     2 |
| X3Y5              |     0 |    24 |     0 |    24 |     0 |     4 |     0 |     8 |     0 |     0 |     0 |     1 |     0 |     2 |
| X4Y5              |     0 |    24 |     0 |     0 |     0 |     0 |     0 |     0 |     0 |    24 |     0 |     0 |     0 |     0 |
| X0Y6              |     0 |    24 |     0 |     0 |     0 |     0 |     0 |     0 |     0 |    24 |     0 |     0 |     0 |     0 |
| X1Y6              |     0 |    24 |     0 |     0 |     0 |     0 |     0 |     0 |     0 |     0 |     0 |     0 |     0 |     0 |
| X2Y6              |     0 |    24 |     0 |    24 |     0 |     4 |     0 |     8 |     0 |     0 |     0 |     1 |     0 |     2 |
| X3Y6              |     0 |    24 |     0 |    24 |     0 |     4 |     0 |     8 |     0 |     0 |     0 |     1 |     0 |     2 |
| X4Y6              |     0 |    24 |     0 |     0 |     0 |     0 |     0 |     0 |     0 |    24 |     0 |     0 |     0 |     0 |
| X0Y7              |     0 |    24 |     0 |     0 |     0 |     0 |     0 |     0 |     0 |    24 |     0 |     0 |     0 |     0 |
| X1Y7              |     0 |    24 |     0 |     0 |     0 |     0 |     0 |     0 |     0 |     0 |     0 |     0 |     0 |     0 |
| X2Y7              |     0 |    24 |     0 |    24 |     0 |     4 |     0 |     8 |     0 |     0 |     0 |     1 |     0 |     2 |
| X3Y7              |     0 |    24 |     0 |    24 |     0 |     4 |     0 |     8 |     0 |     0 |     0 |     1 |     0 |     2 |
| X4Y7              |     0 |    24 |     0 |     0 |     0 |     0 |     0 |     0 |     0 |    24 |     0 |     0 |     0 |     0 |
+-------------------+-------+-------+-------+-------+-------+-------+-------+-------+-------+-------+-------+-------+-------+-------+
* Global Clock column represents track count; while other columns represents cell counts


5. Clock Regions : Load Primitives
----------------------------------

+-------------------+------------------+------------------+------------------+------------------+------------------+------------------+------------------+
|                   |   Global Clock   |        FF        |      LUTRAM      |  Block RAM (18K) |        DSP       |        GT        |      HARD IP     |
+-------------------+--------+---------+--------+---------+--------+---------+--------+---------+--------+---------+--------+---------+--------+---------+
| Clock Region Name | Used   | Avail   | Used   | Avail   | Used   | Avail   | Used   | Avail   | Used   | Avail   | Used   | Avail   | Used   | Avail   |
+-------------------+--------+---------+--------+---------+--------+---------+--------+---------+--------+---------+--------+---------+--------+---------+
| X0Y0              |      0 |      24 |      0 |   24000 |      0 |    1440 |      0 |      72 |      0 |      24 |      0 |       4 |      0 |       1 |
| X1Y0              |      0 |      24 |      0 |   29760 |      0 |    2400 |      0 |      96 |      0 |      24 |      0 |       0 |      0 |       0 |
| X2Y0              |      0 |      24 |      0 |   28800 |      0 |    1920 |      0 |      96 |      0 |      24 |      0 |       0 |      0 |       0 |
| X3Y0              |      0 |      24 |      0 |   28800 |      0 |    1920 |      0 |      96 |      0 |      24 |      0 |       0 |      0 |       0 |
| X4Y0              |      0 |      24 |      0 |   23040 |      0 |    1920 |      0 |      72 |      0 |       0 |      0 |       4 |      0 |       1 |
| X0Y1              |      0 |      24 |      0 |   24000 |      0 |    1440 |      0 |      72 |      0 |      24 |      0 |       4 |      0 |       1 |
| X1Y1              |      0 |      24 |      0 |   29760 |      0 |    2400 |      0 |      96 |      0 |      24 |      0 |       0 |      0 |       0 |
| X2Y1              |      0 |      24 |      0 |   28800 |      0 |    1920 |      0 |      96 |      0 |      24 |      0 |       0 |      0 |       0 |
| X3Y1              |      0 |      24 |      0 |   28800 |      0 |    1920 |      0 |      96 |      0 |      24 |      0 |       0 |      0 |       0 |
| X4Y1              |      0 |      24 |      0 |   23040 |      0 |    1920 |      0 |      72 |      0 |       0 |      0 |       4 |      0 |       0 |
| X0Y2              |      1 |      24 |    309 |   24000 |      0 |    1440 |      0 |      72 |      0 |      24 |      0 |       4 |      0 |       1 |
| X1Y2              |      2 |      24 |      0 |   29760 |      0 |    2400 |      0 |      96 |      0 |      24 |      0 |       0 |      0 |       0 |
| X2Y2              |      4 |      24 |      1 |   28800 |      0 |    1920 |      0 |      96 |      0 |      24 |      0 |       0 |      0 |       0 |
| X3Y2              |      2 |      24 |      8 |   28800 |      0 |    1920 |      0 |      96 |      0 |      24 |      0 |       0 |      0 |       0 |
| X4Y2              |      0 |      24 |      0 |   23040 |      0 |    1920 |      0 |      72 |      0 |       0 |      0 |       4 |      0 |       0 |
| X0Y3              |      4 |      24 |   1933 |   24000 |      0 |    1440 |      0 |      72 |      0 |      24 |      4 |       4 |      0 |       1 |
| X1Y3              |      2 |      24 |      0 |   29760 |      0 |    2400 |      0 |      96 |      0 |      24 |      0 |       0 |      0 |       0 |
| X2Y3              |      4 |      24 |    164 |   28800 |      0 |    1920 |      0 |      96 |      0 |      24 |      0 |       0 |      0 |       0 |
| X3Y3              |      0 |      24 |      0 |   28800 |      0 |    1920 |      0 |      96 |      0 |      24 |      0 |       0 |      0 |       0 |
| X4Y3              |      0 |      24 |      0 |   23040 |      0 |    1920 |      0 |      72 |      0 |       0 |      0 |       4 |      0 |       1 |
| X0Y4              |      0 |      24 |      0 |   24000 |      0 |    1440 |      0 |      72 |      0 |      24 |      0 |       4 |      0 |       1 |
| X1Y4              |      0 |      24 |      0 |   29760 |      0 |    2400 |      0 |      96 |      0 |      24 |      0 |       0 |      0 |       0 |
| X2Y4              |      0 |      24 |      0 |   28800 |      0 |    1920 |      0 |      96 |      0 |      24 |      0 |       0 |      0 |       0 |
| X3Y4              |      0 |      24 |      0 |   28800 |      0 |    1920 |      0 |      96 |      0 |      24 |      0 |       0 |      0 |       0 |
| X4Y4              |      0 |      24 |      0 |   23040 |      0 |    1920 |      0 |      72 |      0 |       0 |      0 |       4 |      0 |       1 |
| X0Y5              |      0 |      24 |      0 |   24000 |      0 |    1440 |      0 |      72 |      0 |      24 |      0 |       4 |      0 |       1 |
| X1Y5              |      0 |      24 |      0 |   29760 |      0 |    2400 |      0 |      96 |      0 |      24 |      0 |       0 |      0 |       0 |
| X2Y5              |      0 |      24 |      0 |   28800 |      0 |    1920 |      0 |      96 |      0 |      24 |      0 |       0 |      0 |       0 |
| X3Y5              |      0 |      24 |      0 |   28800 |      0 |    1920 |      0 |      96 |      0 |      24 |      0 |       0 |      0 |       0 |
| X4Y5              |      0 |      24 |      0 |   23040 |      0 |    1920 |      0 |      72 |      0 |       0 |      0 |       4 |      0 |       1 |
| X0Y6              |      0 |      24 |      0 |   24000 |      0 |    1440 |      0 |      72 |      0 |      24 |      0 |       4 |      0 |       1 |
| X1Y6              |      0 |      24 |      0 |   29760 |      0 |    2400 |      0 |      96 |      0 |      24 |      0 |       0 |      0 |       0 |
| X2Y6              |      0 |      24 |      0 |   28800 |      0 |    1920 |      0 |      96 |      0 |      24 |      0 |       0 |      0 |       0 |
| X3Y6              |      0 |      24 |      0 |   28800 |      0 |    1920 |      0 |      96 |      0 |      24 |      0 |       0 |      0 |       0 |
| X4Y6              |      0 |      24 |      0 |   23040 |      0 |    1920 |      0 |      72 |      0 |       0 |      0 |       4 |      0 |       1 |
| X0Y7              |      0 |      24 |      0 |   24000 |      0 |    1440 |      0 |      72 |      0 |      24 |      0 |       4 |      0 |       1 |
| X1Y7              |      0 |      24 |      0 |   29760 |      0 |    2400 |      0 |      96 |      0 |      24 |      0 |       0 |      0 |       0 |
| X2Y7              |      0 |      24 |      0 |   28800 |      0 |    1920 |      0 |      96 |      0 |      24 |      0 |       0 |      0 |       0 |
| X3Y7              |      0 |      24 |      0 |   28800 |      0 |    1920 |      0 |      96 |      0 |      24 |      0 |       0 |      0 |       0 |
| X4Y7              |      0 |      24 |      0 |   23040 |      0 |    1920 |      0 |      72 |      0 |       0 |      0 |       4 |      0 |       1 |
+-------------------+--------+---------+--------+---------+--------+---------+--------+---------+--------+---------+--------+---------+--------+---------+
* Global Clock column represents track count; while other columns represents cell counts


6. Clock Regions : Global Clock Summary
---------------------------------------

All Modules
+----+----+----+----+----+----+
|    | X0 | X1 | X2 | X3 | X4 |
+----+----+----+----+----+----+
| Y7 |  0 |  0 |  0 |  0 |  0 |
| Y6 |  0 |  0 |  0 |  0 |  0 |
| Y5 |  0 |  0 |  0 |  0 |  0 |
| Y4 |  0 |  0 |  0 |  0 |  0 |
| Y3 |  4 |  2 |  2 |  0 |  0 |
| Y2 |  1 |  2 |  2 |  2 |  0 |
| Y1 |  0 |  0 |  0 |  0 |  0 |
| Y0 |  0 |  0 |  0 |  0 |  0 |
+----+----+----+----+----+----+


7. Clock Regions : Routing Resource Utilization
-----------------------------------------------

All Modules
+-------------------+----------------------+----------------------+----------------------+----------------------+
|                   |        HROUTES       |        HDISTRS       |        VROUTES       |        VDISTRS       |
+-------------------+------+-------+-------+------+-------+-------+------+-------+-------+------+-------+-------+
| Clock Region Name | Used | Avail | Util% | Used | Avail | Util% | Used | Avail | Util% | Used | Avail | Util% |
+-------------------+------+-------+-------+------+-------+-------+------+-------+-------+------+-------+-------+
| X0Y0              |    0 |    24 |  0.00 |    0 |    24 |  0.00 |    0 |    24 |  0.00 |    0 |    24 |  0.00 |
| X1Y0              |    0 |    24 |  0.00 |    0 |    24 |  0.00 |    0 |    24 |  0.00 |    0 |    24 |  0.00 |
| X2Y0              |    0 |    24 |  0.00 |    0 |    24 |  0.00 |    0 |    24 |  0.00 |    0 |    24 |  0.00 |
| X3Y0              |    0 |    24 |  0.00 |    0 |    24 |  0.00 |    0 |    24 |  0.00 |    0 |    24 |  0.00 |
| X4Y0              |    0 |    24 |  0.00 |    0 |    24 |  0.00 |    0 |    24 |  0.00 |    0 |    24 |  0.00 |
| X0Y1              |    0 |    24 |  0.00 |    0 |    24 |  0.00 |    0 |    24 |  0.00 |    0 |    24 |  0.00 |
| X1Y1              |    0 |    24 |  0.00 |    0 |    24 |  0.00 |    0 |    24 |  0.00 |    0 |    24 |  0.00 |
| X2Y1              |    0 |    24 |  0.00 |    0 |    24 |  0.00 |    0 |    24 |  0.00 |    0 |    24 |  0.00 |
| X3Y1              |    0 |    24 |  0.00 |    0 |    24 |  0.00 |    0 |    24 |  0.00 |    0 |    24 |  0.00 |
| X4Y1              |    0 |    24 |  0.00 |    0 |    24 |  0.00 |    0 |    24 |  0.00 |    0 |    24 |  0.00 |
| X0Y2              |    0 |    24 |  0.00 |    1 |    24 |  4.17 |    0 |    24 |  0.00 |    0 |    24 |  0.00 |
| X1Y2              |    2 |    24 |  8.33 |    2 |    24 |  8.33 |    0 |    24 |  0.00 |    2 |    24 |  8.33 |
| X2Y2              |    6 |    24 | 25.00 |    4 |    24 | 16.67 |    0 |    24 |  0.00 |    0 |    24 |  0.00 |
| X3Y2              |    2 |    24 |  8.33 |    2 |    24 |  8.33 |    0 |    24 |  0.00 |    0 |    24 |  0.00 |
| X4Y2              |    0 |    24 |  0.00 |    0 |    24 |  0.00 |    0 |    24 |  0.00 |    0 |    24 |  0.00 |
| X0Y3              |    0 |    24 |  0.00 |    4 |    24 | 16.67 |    0 |    24 |  0.00 |    0 |    24 |  0.00 |
| X1Y3              |    2 |    24 |  8.33 |    2 |    24 |  8.33 |    0 |    24 |  0.00 |    1 |    24 |  4.17 |
| X2Y3              |    1 |    24 |  4.17 |    4 |    24 | 16.67 |    0 |    24 |  0.00 |    0 |    24 |  0.00 |
| X3Y3              |    0 |    24 |  0.00 |    0 |    24 |  0.00 |    0 |    24 |  0.00 |    0 |    24 |  0.00 |
| X4Y3              |    0 |    24 |  0.00 |    0 |    24 |  0.00 |    0 |    24 |  0.00 |    0 |    24 |  0.00 |
| X0Y4              |    0 |    24 |  0.00 |    0 |    24 |  0.00 |    0 |    24 |  0.00 |    0 |    24 |  0.00 |
| X1Y4              |    0 |    24 |  0.00 |    0 |    24 |  0.00 |    0 |    24 |  0.00 |    0 |    24 |  0.00 |
| X2Y4              |    0 |    24 |  0.00 |    0 |    24 |  0.00 |    0 |    24 |  0.00 |    0 |    24 |  0.00 |
| X3Y4              |    0 |    24 |  0.00 |    0 |    24 |  0.00 |    0 |    24 |  0.00 |    0 |    24 |  0.00 |
| X4Y4              |    0 |    24 |  0.00 |    0 |    24 |  0.00 |    0 |    24 |  0.00 |    0 |    24 |  0.00 |
| X0Y5              |    0 |    24 |  0.00 |    0 |    24 |  0.00 |    0 |    24 |  0.00 |    0 |    24 |  0.00 |
| X1Y5              |    0 |    24 |  0.00 |    0 |    24 |  0.00 |    0 |    24 |  0.00 |    0 |    24 |  0.00 |
| X2Y5              |    0 |    24 |  0.00 |    0 |    24 |  0.00 |    0 |    24 |  0.00 |    0 |    24 |  0.00 |
| X3Y5              |    0 |    24 |  0.00 |    0 |    24 |  0.00 |    0 |    24 |  0.00 |    0 |    24 |  0.00 |
| X4Y5              |    0 |    24 |  0.00 |    0 |    24 |  0.00 |    0 |    24 |  0.00 |    0 |    24 |  0.00 |
| X0Y6              |    0 |    24 |  0.00 |    0 |    24 |  0.00 |    0 |    24 |  0.00 |    0 |    24 |  0.00 |
| X1Y6              |    0 |    24 |  0.00 |    0 |    24 |  0.00 |    0 |    24 |  0.00 |    0 |    24 |  0.00 |
| X2Y6              |    0 |    24 |  0.00 |    0 |    24 |  0.00 |    0 |    24 |  0.00 |    0 |    24 |  0.00 |
| X3Y6              |    0 |    24 |  0.00 |    0 |    24 |  0.00 |    0 |    24 |  0.00 |    0 |    24 |  0.00 |
| X4Y6              |    0 |    24 |  0.00 |    0 |    24 |  0.00 |    0 |    24 |  0.00 |    0 |    24 |  0.00 |
| X0Y7              |    0 |    24 |  0.00 |    0 |    24 |  0.00 |    0 |    24 |  0.00 |    0 |    24 |  0.00 |
| X1Y7              |    0 |    24 |  0.00 |    0 |    24 |  0.00 |    0 |    24 |  0.00 |    0 |    24 |  0.00 |
| X2Y7              |    0 |    24 |  0.00 |    0 |    24 |  0.00 |    0 |    24 |  0.00 |    0 |    24 |  0.00 |
| X3Y7              |    0 |    24 |  0.00 |    0 |    24 |  0.00 |    0 |    24 |  0.00 |    0 |    24 |  0.00 |
| X4Y7              |    0 |    24 |  0.00 |    0 |    24 |  0.00 |    0 |    24 |  0.00 |    0 |    24 |  0.00 |
+-------------------+------+-------+-------+------+-------+-------+------+-------+-------+------+-------+-------+


8. Device Cell Placement Summary for Global Clock g0
----------------------------------------------------

+-----------+-----------------+-------------------+--------------------+-------------+---------------+----------+-------------+----------+----------------+----------+------------------------------+
| Global Id | Driver Type/Pin | Driver Region (D) | Clock              | Period (ns) | Waveform (ns) | Root (R) | Slice Loads | IO Loads | Clocking Loads | GT Loads | Net                          |
+-----------+-----------------+-------------------+--------------------+-------------+---------------+----------+-------------+----------+----------------+----------+------------------------------+
| g0        | BUFGCE/O        | X3Y2              | clk_out1_clk_wiz_0 |       8.000 | {0.000 4.000} | X1Y2     |        1095 |        0 |              0 |        0 | clk_wiz_0_inst/inst/clk_out1 |
+-----------+-----------------+-------------------+--------------------+-------------+---------------+----------+-------------+----------+----------------+----------+------------------------------+
* Slice Loads column represents load cell count of all cell types other than IO, GT and clock resources
** IO Loads column represents load cell count of IO types
*** Clocking Loads column represents load cell count that are clock resources (global clock buffer, MMCM, PLL, etc)
**** GT Loads column represents load cell count of GT types


+----+------+-------+----+--------+----+
|    | X0   | X1    | X2 | X3     | X4 |
+----+------+-------+----+--------+----+
| Y7 |    0 |     0 |  0 |      0 |  0 |
| Y6 |    0 |     0 |  0 |      0 |  0 |
| Y5 |    0 |     0 |  0 |      0 |  0 |
| Y4 |    0 |     0 |  0 |      0 |  0 |
| Y3 |  780 |     0 |  5 |      0 |  0 |
| Y2 |  309 | (R) 0 |  1 |  (D) 0 |  0 |
| Y1 |    0 |     0 |  0 |      0 |  0 |
| Y0 |    0 |     0 |  0 |      0 |  0 |
+----+------+-------+----+--------+----+


9. Device Cell Placement Summary for Global Clock g1
----------------------------------------------------

+-----------+-----------------+-------------------+--------------------+-------------+---------------+----------+-------------+----------+----------------+----------+-----------------------------------------------+
| Global Id | Driver Type/Pin | Driver Region (D) | Clock              | Period (ns) | Waveform (ns) | Root (R) | Slice Loads | IO Loads | Clocking Loads | GT Loads | Net                                           |
+-----------+-----------------+-------------------+--------------------+-------------+---------------+----------+-------------+----------+----------------+----------+-----------------------------------------------+
| g1        | BUFGCE/O        | X3Y2              | clk_out1_clk_wiz_0 |       8.000 | {0.000 4.000} | X1Y2     |           8 |        0 |              0 |        0 | clk_wiz_0_inst/inst/clk_out1_clk_wiz_0_en_clk |
+-----------+-----------------+-------------------+--------------------+-------------+---------------+----------+-------------+----------+----------------+----------+-----------------------------------------------+
* Slice Loads column represents load cell count of all cell types other than IO, GT and clock resources
** IO Loads column represents load cell count of IO types
*** Clocking Loads column represents load cell count that are clock resources (global clock buffer, MMCM, PLL, etc)
**** GT Loads column represents load cell count of GT types


+----+----+-------+----+--------+----+
|    | X0 | X1    | X2 | X3     | X4 |
+----+----+-------+----+--------+----+
| Y7 |  0 |     0 |  0 |      0 |  0 |
| Y6 |  0 |     0 |  0 |      0 |  0 |
| Y5 |  0 |     0 |  0 |      0 |  0 |
| Y4 |  0 |     0 |  0 |      0 |  0 |
| Y3 |  0 |     0 |  0 |      0 |  0 |
| Y2 |  0 | (R) 0 |  0 |  (D) 8 |  0 |
| Y1 |  0 |     0 |  0 |      0 |  0 |
| Y0 |  0 |     0 |  0 |      0 |  0 |
+----+----+-------+----+--------+----+


10. Device Cell Placement Summary for Global Clock g2
-----------------------------------------------------

+-----------+-----------------+-------------------+--------------------------------------------------------------------------------------------+-------------+----------------+----------+-------------+----------+----------------+----------+----------------------------------------+
| Global Id | Driver Type/Pin | Driver Region (D) | Clock                                                                                      | Period (ns) | Waveform (ns)  | Root (R) | Slice Loads | IO Loads | Clocking Loads | GT Loads | Net                                    |
+-----------+-----------------+-------------------+--------------------------------------------------------------------------------------------+-------------+----------------+----------+-------------+----------+----------------+----------+----------------------------------------+
| g2        | BUFGCE/O        | X2Y3              | dbg_hub/inst/BSCANID.u_xsdbm_id/SWITCH_N_EXT_BSCAN.bscan_inst/SERIES7_BSCAN.bscan_inst/TCK |      33.000 | {0.000 16.500} | X1Y3     |         458 |        0 |              0 |        0 | dbg_hub/inst/BSCANID.u_xsdbm_id/itck_i |
+-----------+-----------------+-------------------+--------------------------------------------------------------------------------------------+-------------+----------------+----------+-------------+----------+----------------+----------+----------------------------------------+
* Slice Loads column represents load cell count of all cell types other than IO, GT and clock resources
** IO Loads column represents load cell count of IO types
*** Clocking Loads column represents load cell count that are clock resources (global clock buffer, MMCM, PLL, etc)
**** GT Loads column represents load cell count of GT types


+----+------+-------+----------+----+----+
|    | X0   | X1    | X2       | X3 | X4 |
+----+------+-------+----------+----+----+
| Y7 |    0 |     0 |        0 |  0 |  0 |
| Y6 |    0 |     0 |        0 |  0 |  0 |
| Y5 |    0 |     0 |        0 |  0 |  0 |
| Y4 |    0 |     0 |        0 |  0 |  0 |
| Y3 |  299 | (R) 0 |  (D) 159 |  0 |  0 |
| Y2 |    0 |     0 |        0 |  0 |  0 |
| Y1 |    0 |     0 |        0 |  0 |  0 |
| Y0 |    0 |     0 |        0 |  0 |  0 |
+----+------+-------+----------+----+----+


11. Device Cell Placement Summary for Global Clock g3
-----------------------------------------------------

+-----------+-----------------+-------------------+-----------------+-------------+---------------+----------+-------------+----------+----------------+----------+------------------------------------------------------------+
| Global Id | Driver Type/Pin | Driver Region (D) | Clock           | Period (ns) | Waveform (ns) | Root (R) | Slice Loads | IO Loads | Clocking Loads | GT Loads | Net                                                        |
+-----------+-----------------+-------------------+-----------------+-------------+---------------+----------+-------------+----------+----------------+----------+------------------------------------------------------------+
| g3        | BUFG_GT/O       | X0Y3              | rxoutclk_out[3] |       2.560 | {0.000 1.280} | X0Y3     |         447 |        0 |              0 |        4 | example_wrapper_inst/gtwiz_userclk_rx_inst/rxusrclk2_in[0] |
+-----------+-----------------+-------------------+-----------------+-------------+---------------+----------+-------------+----------+----------------+----------+------------------------------------------------------------+
* Slice Loads column represents load cell count of all cell types other than IO, GT and clock resources
** IO Loads column represents load cell count of IO types
*** Clocking Loads column represents load cell count that are clock resources (global clock buffer, MMCM, PLL, etc)
**** GT Loads column represents load cell count of GT types


+----+-------------+----+----+----+----+
|    | X0          | X1 | X2 | X3 | X4 |
+----+-------------+----+----+----+----+
| Y7 |           0 |  0 |  0 |  0 |  0 |
| Y6 |           0 |  0 |  0 |  0 |  0 |
| Y5 |           0 |  0 |  0 |  0 |  0 |
| Y4 |           0 |  0 |  0 |  0 |  0 |
| Y3 | (R) (D) 451 |  0 |  0 |  0 |  0 |
| Y2 |           0 |  0 |  0 |  0 |  0 |
| Y1 |           0 |  0 |  0 |  0 |  0 |
| Y0 |           0 |  0 |  0 |  0 |  0 |
+----+-------------+----+----+----+----+


12. Device Cell Placement Summary for Global Clock g4
-----------------------------------------------------

+-----------+-----------------+-------------------+-----------------+-------------+---------------+----------+-------------+----------+----------------+----------+------------------------------------------------------------+
| Global Id | Driver Type/Pin | Driver Region (D) | Clock           | Period (ns) | Waveform (ns) | Root (R) | Slice Loads | IO Loads | Clocking Loads | GT Loads | Net                                                        |
+-----------+-----------------+-------------------+-----------------+-------------+---------------+----------+-------------+----------+----------------+----------+------------------------------------------------------------+
| g4        | BUFG_GT/O       | X0Y3              | txoutclk_out[3] |       2.560 | {0.000 1.280} | X0Y3     |         407 |        0 |              0 |        4 | example_wrapper_inst/gtwiz_userclk_tx_inst/txusrclk2_in[0] |
+-----------+-----------------+-------------------+-----------------+-------------+---------------+----------+-------------+----------+----------------+----------+------------------------------------------------------------+
* Slice Loads column represents load cell count of all cell types other than IO, GT and clock resources
** IO Loads column represents load cell count of IO types
*** Clocking Loads column represents load cell count that are clock resources (global clock buffer, MMCM, PLL, etc)
**** GT Loads column represents load cell count of GT types


+----+-------------+----+----+----+----+
|    | X0          | X1 | X2 | X3 | X4 |
+----+-------------+----+----+----+----+
| Y7 |           0 |  0 |  0 |  0 |  0 |
| Y6 |           0 |  0 |  0 |  0 |  0 |
| Y5 |           0 |  0 |  0 |  0 |  0 |
| Y4 |           0 |  0 |  0 |  0 |  0 |
| Y3 | (R) (D) 411 |  0 |  0 |  0 |  0 |
| Y2 |           0 |  0 |  0 |  0 |  0 |
| Y1 |           0 |  0 |  0 |  0 |  0 |
| Y0 |           0 |  0 |  0 |  0 |  0 |
+----+-------------+----+----+----+----+


13. Clock Region Cell Placement per Global Clock: Region X0Y2
-------------------------------------------------------------

+-----------+-------+-----------------+------------+-------------+-----------------+-----+--------+------+-----+----+------+-----+---------+------------------------------+
| Global Id | Track | Driver Type/Pin | Constraint | Clock Loads | Non-Clock Loads | FF  | LUTRAM | RAMB | DSP | GT | MMCM | PLL | Hard IP | Net                          |
+-----------+-------+-----------------+------------+-------------+-----------------+-----+--------+------+-----+----+------+-----+---------+------------------------------+
| g0        | 20    | BUFGCE/O        | None       |         309 |               0 | 309 |      0 |    0 |   0 |  0 |    0 |   0 |       0 | clk_wiz_0_inst/inst/clk_out1 |
+-----------+-------+-----------------+------------+-------------+-----------------+-----+--------+------+-----+----+------+-----+---------+------------------------------+
* Clock Loads column represents the clock pin loads (pin count)
** Non-Clock Loads column represents the non-clock pin loads (pin count)
*** Columns FF, LUTRAM, RAMB through 'Hard IP' represents load cell counts


14. Clock Region Cell Placement per Global Clock: Region X1Y2
-------------------------------------------------------------

+-----------+-------+-----------------+------------+-------------+-----------------+----+--------+------+-----+----+------+-----+---------+-----------------------------------------------+
| Global Id | Track | Driver Type/Pin | Constraint | Clock Loads | Non-Clock Loads | FF | LUTRAM | RAMB | DSP | GT | MMCM | PLL | Hard IP | Net                                           |
+-----------+-------+-----------------+------------+-------------+-----------------+----+--------+------+-----+----+------+-----+---------+-----------------------------------------------+
| g0+       | 20    | BUFGCE/O        | None       |           0 |               0 |  0 |      0 |    0 |   0 |  0 |    0 |   0 |       0 | clk_wiz_0_inst/inst/clk_out1                  |
| g1+       | 14    | BUFGCE/O        | None       |           0 |               0 |  0 |      0 |    0 |   0 |  0 |    0 |   0 |       0 | clk_wiz_0_inst/inst/clk_out1_clk_wiz_0_en_clk |
+-----------+-------+-----------------+------------+-------------+-----------------+----+--------+------+-----+----+------+-----+---------+-----------------------------------------------+
* Clock Loads column represents the clock pin loads (pin count)
** Non-Clock Loads column represents the non-clock pin loads (pin count)
*** Columns FF, LUTRAM, RAMB through 'Hard IP' represents load cell counts
**** In Global Id column, sympbol '+' indicates that global clock was used only to route through the clock region.


15. Clock Region Cell Placement per Global Clock: Region X2Y2
-------------------------------------------------------------

+-----------+-------+-----------------+------------+-------------+-----------------+----+--------+------+-----+----+------+-----+---------+-----------------------------------------------+
| Global Id | Track | Driver Type/Pin | Constraint | Clock Loads | Non-Clock Loads | FF | LUTRAM | RAMB | DSP | GT | MMCM | PLL | Hard IP | Net                                           |
+-----------+-------+-----------------+------------+-------------+-----------------+----+--------+------+-----+----+------+-----+---------+-----------------------------------------------+
| g0        | 20    | BUFGCE/O        | None       |           1 |               0 |  1 |      0 |    0 |   0 |  0 |    0 |   0 |       0 | clk_wiz_0_inst/inst/clk_out1                  |
| g1+       | 14    | BUFGCE/O        | None       |           0 |               0 |  0 |      0 |    0 |   0 |  0 |    0 |   0 |       0 | clk_wiz_0_inst/inst/clk_out1_clk_wiz_0_en_clk |
+-----------+-------+-----------------+------------+-------------+-----------------+----+--------+------+-----+----+------+-----+---------+-----------------------------------------------+
* Clock Loads column represents the clock pin loads (pin count)
** Non-Clock Loads column represents the non-clock pin loads (pin count)
*** Columns FF, LUTRAM, RAMB through 'Hard IP' represents load cell counts
**** In Global Id column, sympbol '+' indicates that global clock was used only to route through the clock region.


16. Clock Region Cell Placement per Global Clock: Region X3Y2
-------------------------------------------------------------

+-----------+-------+-----------------+------------+-------------+-----------------+----+--------+------+-----+----+------+-----+---------+-----------------------------------------------+
| Global Id | Track | Driver Type/Pin | Constraint | Clock Loads | Non-Clock Loads | FF | LUTRAM | RAMB | DSP | GT | MMCM | PLL | Hard IP | Net                                           |
+-----------+-------+-----------------+------------+-------------+-----------------+----+--------+------+-----+----+------+-----+---------+-----------------------------------------------+
| g0+       | 20    | BUFGCE/O        | None       |           0 |               0 |  0 |      0 |    0 |   0 |  0 |    0 |   0 |       0 | clk_wiz_0_inst/inst/clk_out1                  |
| g1        | 14    | BUFGCE/O        | None       |           8 |               0 |  8 |      0 |    0 |   0 |  0 |    0 |   0 |       0 | clk_wiz_0_inst/inst/clk_out1_clk_wiz_0_en_clk |
+-----------+-------+-----------------+------------+-------------+-----------------+----+--------+------+-----+----+------+-----+---------+-----------------------------------------------+
* Clock Loads column represents the clock pin loads (pin count)
** Non-Clock Loads column represents the non-clock pin loads (pin count)
*** Columns FF, LUTRAM, RAMB through 'Hard IP' represents load cell counts
**** In Global Id column, sympbol '+' indicates that global clock was used only to route through the clock region.


17. Clock Region Cell Placement per Global Clock: Region X0Y3
-------------------------------------------------------------

+-----------+-------+-----------------+------------+-------------+-----------------+-----+--------+------+-----+----+------+-----+---------+------------------------------------------------------------+
| Global Id | Track | Driver Type/Pin | Constraint | Clock Loads | Non-Clock Loads | FF  | LUTRAM | RAMB | DSP | GT | MMCM | PLL | Hard IP | Net                                                        |
+-----------+-------+-----------------+------------+-------------+-----------------+-----+--------+------+-----+----+------+-----+---------+------------------------------------------------------------+
| g0        | 20    | BUFGCE/O        | None       |         780 |               0 | 780 |      0 |    0 |   0 |  0 |    0 |   0 |       0 | clk_wiz_0_inst/inst/clk_out1                               |
| g2        | 2     | BUFGCE/O        | None       |         299 |               0 | 299 |      0 |    0 |   0 |  0 |    0 |   0 |       0 | dbg_hub/inst/BSCANID.u_xsdbm_id/itck_i                     |
| g3        | 1     | BUFG_GT/O       | None       |         451 |               0 | 447 |      0 |    0 |   0 |  4 |    0 |   0 |       0 | example_wrapper_inst/gtwiz_userclk_rx_inst/rxusrclk2_in[0] |
| g4        | 0     | BUFG_GT/O       | None       |         411 |               0 | 407 |      0 |    0 |   0 |  4 |    0 |   0 |       0 | example_wrapper_inst/gtwiz_userclk_tx_inst/txusrclk2_in[0] |
+-----------+-------+-----------------+------------+-------------+-----------------+-----+--------+------+-----+----+------+-----+---------+------------------------------------------------------------+
* Clock Loads column represents the clock pin loads (pin count)
** Non-Clock Loads column represents the non-clock pin loads (pin count)
*** Columns FF, LUTRAM, RAMB through 'Hard IP' represents load cell counts


18. Clock Region Cell Placement per Global Clock: Region X1Y3
-------------------------------------------------------------

+-----------+-------+-----------------+------------+-------------+-----------------+----+--------+------+-----+----+------+-----+---------+----------------------------------------+
| Global Id | Track | Driver Type/Pin | Constraint | Clock Loads | Non-Clock Loads | FF | LUTRAM | RAMB | DSP | GT | MMCM | PLL | Hard IP | Net                                    |
+-----------+-------+-----------------+------------+-------------+-----------------+----+--------+------+-----+----+------+-----+---------+----------------------------------------+
| g0+       | 20    | BUFGCE/O        | None       |           0 |               0 |  0 |      0 |    0 |   0 |  0 |    0 |   0 |       0 | clk_wiz_0_inst/inst/clk_out1           |
| g2+       | 2     | BUFGCE/O        | None       |           0 |               0 |  0 |      0 |    0 |   0 |  0 |    0 |   0 |       0 | dbg_hub/inst/BSCANID.u_xsdbm_id/itck_i |
+-----------+-------+-----------------+------------+-------------+-----------------+----+--------+------+-----+----+------+-----+---------+----------------------------------------+
* Clock Loads column represents the clock pin loads (pin count)
** Non-Clock Loads column represents the non-clock pin loads (pin count)
*** Columns FF, LUTRAM, RAMB through 'Hard IP' represents load cell counts
**** In Global Id column, sympbol '+' indicates that global clock was used only to route through the clock region.


19. Clock Region Cell Placement per Global Clock: Region X2Y3
-------------------------------------------------------------

+-----------+-------+-----------------+------------+-------------+-----------------+-----+--------+------+-----+----+------+-----+---------+----------------------------------------+
| Global Id | Track | Driver Type/Pin | Constraint | Clock Loads | Non-Clock Loads | FF  | LUTRAM | RAMB | DSP | GT | MMCM | PLL | Hard IP | Net                                    |
+-----------+-------+-----------------+------------+-------------+-----------------+-----+--------+------+-----+----+------+-----+---------+----------------------------------------+
| g0        | 20    | BUFGCE/O        | None       |           5 |               0 |   5 |      0 |    0 |   0 |  0 |    0 |   0 |       0 | clk_wiz_0_inst/inst/clk_out1           |
| g2        | 2     | BUFGCE/O        | None       |         159 |               0 | 159 |      0 |    0 |   0 |  0 |    0 |   0 |       0 | dbg_hub/inst/BSCANID.u_xsdbm_id/itck_i |
+-----------+-------+-----------------+------------+-------------+-----------------+-----+--------+------+-----+----+------+-----+---------+----------------------------------------+
* Clock Loads column represents the clock pin loads (pin count)
** Non-Clock Loads column represents the non-clock pin loads (pin count)
*** Columns FF, LUTRAM, RAMB through 'Hard IP' represents load cell counts


