Copyright 1986-2019 Xilinx, Inc. All Rights Reserved.
----------------------------------------------------------------------------------------------------------------------------------------------------------------------------------------------------------------
| Tool Version     : Vivado v.2019.2.1 (lin64) Build 2729669 Thu Dec  5 04:48:12 MST 2019
| Date             : Fri Jul 31 11:28:46 2020
| Host             : ntuphys521 running 64-bit Arch Linux
| Command          : report_power -file example_ibert_ultrascale_gty_0_power_routed.rpt -pb example_ibert_ultrascale_gty_0_power_summary_routed.pb -rpx example_ibert_ultrascale_gty_0_power_routed.rpx
| Design           : example_ibert_ultrascale_gty_0
| Device           : xcvu095-ffva2104-2-e
| Design State     : routed
| Grade            : extended
| Process          : typical
| Characterization : Production
----------------------------------------------------------------------------------------------------------------------------------------------------------------------------------------------------------------

Power Report

Table of Contents
-----------------
1. Summary
1.1 On-Chip Components
1.2 Power Supply Summary
1.3 Confidence Level
2. Settings
2.1 Environment
2.2 Clock Constraints
3. Detailed Reports
3.1 By Hierarchy

1. Summary
----------

+--------------------------+--------------+
| Total On-Chip Power (W)  | 8.476        |
| Design Power Budget (W)  | Unspecified* |
| Power Budget Margin (W)  | NA           |
| Dynamic (W)              | 7.407        |
| Device Static (W)        | 1.070        |
| Effective TJA (C/W)      | 0.8          |
| Max Ambient (C)          | 93.2         |
| Junction Temperature (C) | 31.8         |
| Confidence Level         | Medium       |
| Setting File             | ---          |
| Simulation Activity File | ---          |
| Design Nets Matched      | NA           |
+--------------------------+--------------+
* Specify Design Power Budget using, set_operating_conditions -design_power_budget <value in Watts>


1.1 On-Chip Components
----------------------

+--------------------------+-----------+----------+-----------+-----------------+
| On-Chip                  | Power (W) | Used     | Available | Utilization (%) |
+--------------------------+-----------+----------+-----------+-----------------+
| Clocks                   |     0.348 |       70 |       --- |             --- |
| CLB Logic                |     0.124 |    68384 |       --- |             --- |
|   LUT as Logic           |     0.076 |    21107 |    537600 |            3.93 |
|   LUT as Shift Register  |     0.025 |      408 |     76800 |            0.53 |
|   Register               |     0.015 |    36886 |   1075200 |            3.43 |
|   LUT as Distributed RAM |     0.008 |      288 |     76800 |            0.38 |
|   CARRY8                 |    <0.001 |      337 |     67200 |            0.50 |
|   F7/F8 Muxes            |    <0.001 |     1213 |    537600 |            0.23 |
|   Others                 |     0.000 |     2247 |       --- |             --- |
| Signals                  |     0.122 |    51638 |       --- |             --- |
| Block RAM                |     0.041 |       40 |      1728 |            2.31 |
| MMCM                     |     0.114 |        1 |        16 |            6.25 |
| DSPs                     |     0.007 |       16 |       768 |            2.08 |
| GTY                      |     6.650 |        8 |        28 |           28.57 |
| Static Power             |     1.070 |          |           |                 |
| Total                    |     8.476 |          |           |                 |
+--------------------------+-----------+----------+-----------+-----------------+


1.2 Power Supply Summary
------------------------

+------------+-------------+-----------+-------------+------------+-------------+------------+
| Source     | Voltage (V) | Total (A) | Dynamic (A) | Static (A) | Budget (A)  | Margin (A) |
+------------+-------------+-----------+-------------+------------+-------------+------------+
| Vccint     |       0.950 |     1.635 |       1.253 |      0.382 | Unspecified | NA         |
| Vccaux     |       1.800 |     0.239 |       0.063 |      0.176 | Unspecified | NA         |
| Vccaux_io  |       1.800 |     0.122 |       0.000 |      0.122 | Unspecified | NA         |
| Vccint_io  |       0.950 |     0.031 |       0.000 |      0.031 | Unspecified | NA         |
| Vcco33     |       3.300 |     0.000 |       0.000 |      0.000 | Unspecified | NA         |
| Vcco25     |       2.500 |     0.000 |       0.000 |      0.000 | Unspecified | NA         |
| Vcco18     |       1.800 |     0.000 |       0.000 |      0.000 | Unspecified | NA         |
| Vcco15     |       1.500 |     0.000 |       0.000 |      0.000 | Unspecified | NA         |
| Vcco135    |       1.350 |     0.000 |       0.000 |      0.000 | Unspecified | NA         |
| Vcco12     |       1.200 |     0.000 |       0.000 |      0.000 | Unspecified | NA         |
| Vcco10     |       1.000 |     0.000 |       0.000 |      0.000 | Unspecified | NA         |
| Vccbram    |       0.950 |     0.036 |       0.001 |      0.035 | Unspecified | NA         |
| MGTAVcc    |       1.000 |     0.000 |       0.000 |      0.000 | Unspecified | NA         |
| MGTAVtt    |       1.200 |     0.000 |       0.000 |      0.000 | Unspecified | NA         |
| MGTVccaux  |       1.800 |     0.000 |       0.000 |      0.000 | Unspecified | NA         |
| Vccadc     |       1.800 |     0.014 |       0.000 |      0.014 | Unspecified | NA         |
| MGTYVccaux |       1.800 |     0.038 |       0.038 |      0.000 | Unspecified | NA         |
| MGTYAVcc   |       1.000 |     1.764 |       1.731 |      0.033 | Unspecified | NA         |
| MGTYAVtt   |       1.200 |     3.627 |       3.585 |      0.042 | Unspecified | NA         |
+------------+-------------+-----------+-------------+------------+-------------+------------+


1.3 Confidence Level
--------------------

+-----------------------------+------------+------------------------------------------------+------------------------------------------------------------------------------------------------------------+
| User Input Data             | Confidence | Details                                        | Action                                                                                                     |
+-----------------------------+------------+------------------------------------------------+------------------------------------------------------------------------------------------------------------+
| Design implementation state | High       | Design is routed                               |                                                                                                            |
| Clock nodes activity        | High       | User specified more than 95% of clocks         |                                                                                                            |
| I/O nodes activity          | High       | User specified more than 95% of inputs         |                                                                                                            |
| Internal nodes activity     | Medium     | User specified less than 25% of internal nodes | Provide missing internal nodes activity with simulation results or by editing the "By Resource Type" views |
| Device models               | High       | Device models are Production                   |                                                                                                            |
|                             |            |                                                |                                                                                                            |
| Overall confidence level    | Medium     |                                                |                                                                                                            |
+-----------------------------+------------+------------------------------------------------+------------------------------------------------------------------------------------------------------------+


2. Settings
-----------

2.1 Environment
---------------

+-----------------------+--------------------------+
| Ambient Temp (C)      | 25.0                     |
| ThetaJA (C/W)         | 0.8                      |
| Airflow (LFM)         | 250                      |
| Heat Sink             | medium (Medium Profile)  |
| ThetaSA (C/W)         | 1.2                      |
| Board Selection       | medium (10"x10")         |
| # of Board Layers     | 12to15 (12 to 15 Layers) |
| Board Temperature (C) | 25.0                     |
+-----------------------+--------------------------+


2.2 Clock Constraints
---------------------

+--------------------------------------------------------------------------------------------+----------------------------------------------------------------------+-----------------+
| Clock                                                                                      | Domain                                                               | Constraint (ns) |
+--------------------------------------------------------------------------------------------+----------------------------------------------------------------------+-----------------+
| USE_DIVIDER.dclk_mmcm                                                                      | dbg_hub/inst/BSCANID.u_xsdbm_id/USE_DIVIDER.dclk_mmcm                |            10.0 |
| dbg_hub/inst/BSCANID.u_xsdbm_id/SWITCH_N_EXT_BSCAN.bscan_inst/SERIES7_BSCAN.bscan_inst/TCK | dbg_hub/inst/BSCANID.u_xsdbm_id/SWITCH_N_EXT_BSCAN.bscan_inst/tck_bs |            33.0 |
| gtrefclk0_1                                                                                | gty_refclk0p_i[0]                                                    |             6.4 |
| gtrefclk0_3                                                                                | gty_refclk0p_i[1]                                                    |             6.4 |
| gtrefclk1_1                                                                                | gty_refclk1p_i[0]                                                    |             6.4 |
| gtrefclk1_3                                                                                | gty_refclk1p_i[1]                                                    |             6.4 |
| qpll0outclk_o                                                                              | u_ibert_gty_core/inst/QUAD[0].u_q/u_common/qpll0outclk_o             |             0.1 |
| qpll0outclk_o_1                                                                            | u_ibert_gty_core/inst/QUAD[1].u_q/u_common/qpll0outclk_o             |             0.1 |
| qpll0outrefclk_o                                                                           | u_ibert_gty_core/inst/QUAD[0].u_q/u_common/qpll0outrefclk_o          |             6.4 |
| qpll0outrefclk_o_1                                                                         | u_ibert_gty_core/inst/QUAD[1].u_q/u_common/qpll0outrefclk_o          |             6.4 |
| refclkoutmonitor0_com                                                                      | u_ibert_gty_core/inst/QUAD[0].u_q/u_common/refclkoutmonitor0_com     |             6.4 |
| refclkoutmonitor0_com_1                                                                    | u_ibert_gty_core/inst/QUAD[1].u_q/u_common/refclkoutmonitor0_com     |             6.4 |
| rxoutclk_o                                                                                 | u_ibert_gty_core/inst/QUAD[0].u_q/CH[0].u_ch/rxoutclk_o              |             3.2 |
| rxoutclk_o[0]                                                                              | u_ibert_gty_core/inst/QUAD[0].u_q/u_common/u_clocking/rxusrclk_o[0]  |             3.2 |
| rxoutclk_o[1]                                                                              | u_ibert_gty_core/inst/QUAD[0].u_q/u_common/u_clocking/rxusrclk_o[1]  |             3.2 |
| rxoutclk_o[2]                                                                              | u_ibert_gty_core/inst/QUAD[0].u_q/u_common/u_clocking/rxusrclk_o[2]  |             3.2 |
| rxoutclk_o[3]                                                                              | u_ibert_gty_core/inst/QUAD[0].u_q/u_common/u_clocking/rxusrclk_o[3]  |             3.2 |
| rxoutclk_o[4]                                                                              | u_ibert_gty_core/inst/QUAD[1].u_q/u_common/u_clocking/rxusrclk_o[0]  |             3.2 |
| rxoutclk_o[5]                                                                              | u_ibert_gty_core/inst/QUAD[1].u_q/u_common/u_clocking/rxusrclk_o[1]  |             3.2 |
| rxoutclk_o[6]                                                                              | u_ibert_gty_core/inst/QUAD[1].u_q/u_common/u_clocking/rxusrclk_o[2]  |             3.2 |
| rxoutclk_o[7]                                                                              | u_ibert_gty_core/inst/QUAD[1].u_q/u_common/u_clocking/rxusrclk_o[3]  |             3.2 |
| rxoutclk_o_1                                                                               | u_ibert_gty_core/inst/QUAD[0].u_q/CH[1].u_ch/rxoutclk_o              |             3.2 |
| rxoutclk_o_2                                                                               | u_ibert_gty_core/inst/QUAD[0].u_q/CH[2].u_ch/rxoutclk_o              |             3.2 |
| rxoutclk_o_3                                                                               | u_ibert_gty_core/inst/QUAD[0].u_q/CH[3].u_ch/rxoutclk_o              |             3.2 |
| rxoutclk_o_4                                                                               | u_ibert_gty_core/inst/QUAD[1].u_q/CH[0].u_ch/rxoutclk_o              |             3.2 |
| rxoutclk_o_5                                                                               | u_ibert_gty_core/inst/QUAD[1].u_q/CH[1].u_ch/rxoutclk_o              |             3.2 |
| rxoutclk_o_6                                                                               | u_ibert_gty_core/inst/QUAD[1].u_q/CH[2].u_ch/rxoutclk_o              |             3.2 |
| rxoutclk_o_7                                                                               | u_ibert_gty_core/inst/QUAD[1].u_q/CH[3].u_ch/rxoutclk_o              |             3.2 |
| rxusrclk2_i[0]                                                                             | u_ibert_gty_core/inst/QUAD[0].u_q/u_common/u_clocking/rxusrclk2_o[0] |             3.2 |
| rxusrclk2_i[0]_1                                                                           | u_ibert_gty_core/inst/QUAD[1].u_q/u_common/u_clocking/rxusrclk2_o[0] |             3.2 |
| rxusrclk2_i[1]                                                                             | u_ibert_gty_core/inst/QUAD[0].u_q/u_common/u_clocking/rxusrclk2_o[1] |             3.2 |
| rxusrclk2_i[1]_1                                                                           | u_ibert_gty_core/inst/QUAD[1].u_q/u_common/u_clocking/rxusrclk2_o[1] |             3.2 |
| rxusrclk2_i[2]                                                                             | u_ibert_gty_core/inst/QUAD[0].u_q/u_common/u_clocking/rxusrclk2_o[2] |             3.2 |
| rxusrclk2_i[2]_1                                                                           | u_ibert_gty_core/inst/QUAD[1].u_q/u_common/u_clocking/rxusrclk2_o[2] |             3.2 |
| rxusrclk2_i[3]                                                                             | u_ibert_gty_core/inst/QUAD[0].u_q/u_common/u_clocking/rxusrclk2_o[3] |             3.2 |
| rxusrclk2_i[3]_1                                                                           | u_ibert_gty_core/inst/QUAD[1].u_q/u_common/u_clocking/rxusrclk2_o[3] |             3.2 |
| txoutclk_o                                                                                 | u_ibert_gty_core/inst/QUAD[0].u_q/CH[0].u_ch/txoutclk_o              |             3.2 |
| txoutclk_o[0]                                                                              | u_ibert_gty_core/inst/QUAD[0].u_q/u_common/u_clocking/txusrclk_o[0]  |             3.2 |
| txoutclk_o[1]                                                                              | u_ibert_gty_core/inst/QUAD[0].u_q/u_common/u_clocking/txusrclk_o[1]  |             3.2 |
| txoutclk_o[2]                                                                              | u_ibert_gty_core/inst/QUAD[0].u_q/u_common/u_clocking/txusrclk_o[2]  |             3.2 |
| txoutclk_o[3]                                                                              | u_ibert_gty_core/inst/QUAD[0].u_q/u_common/u_clocking/txusrclk_o[3]  |             3.2 |
| txoutclk_o[4]                                                                              | u_ibert_gty_core/inst/QUAD[1].u_q/u_common/u_clocking/txusrclk_o[0]  |             3.2 |
| txoutclk_o[5]                                                                              | u_ibert_gty_core/inst/QUAD[1].u_q/u_common/u_clocking/txusrclk_o[1]  |             3.2 |
| txoutclk_o[6]                                                                              | u_ibert_gty_core/inst/QUAD[1].u_q/u_common/u_clocking/txusrclk_o[2]  |             3.2 |
| txoutclk_o[7]                                                                              | u_ibert_gty_core/inst/QUAD[1].u_q/u_common/u_clocking/txusrclk_o[3]  |             3.2 |
| txoutclk_o_1                                                                               | u_ibert_gty_core/inst/QUAD[0].u_q/CH[1].u_ch/txoutclk_o              |             3.2 |
| txoutclk_o_2                                                                               | u_ibert_gty_core/inst/QUAD[0].u_q/CH[2].u_ch/txoutclk_o              |             3.2 |
| txoutclk_o_3                                                                               | u_ibert_gty_core/inst/QUAD[0].u_q/CH[3].u_ch/txoutclk_o              |             3.2 |
| txoutclk_o_4                                                                               | u_ibert_gty_core/inst/QUAD[1].u_q/CH[0].u_ch/txoutclk_o              |             3.2 |
| txoutclk_o_5                                                                               | u_ibert_gty_core/inst/QUAD[1].u_q/CH[1].u_ch/txoutclk_o              |             3.2 |
| txoutclk_o_6                                                                               | u_ibert_gty_core/inst/QUAD[1].u_q/CH[2].u_ch/txoutclk_o              |             3.2 |
| txoutclk_o_7                                                                               | u_ibert_gty_core/inst/QUAD[1].u_q/CH[3].u_ch/txoutclk_o              |             3.2 |
| txusrclk2_i[0]                                                                             | u_ibert_gty_core/inst/QUAD[0].u_q/u_common/u_clocking/txusrclk2_o[0] |             3.2 |
| txusrclk2_i[0]_1                                                                           | u_ibert_gty_core/inst/QUAD[1].u_q/u_common/u_clocking/txusrclk2_o[0] |             3.2 |
| txusrclk2_i[1]                                                                             | u_ibert_gty_core/inst/QUAD[0].u_q/u_common/u_clocking/txusrclk2_o[1] |             3.2 |
| txusrclk2_i[1]_1                                                                           | u_ibert_gty_core/inst/QUAD[1].u_q/u_common/u_clocking/txusrclk2_o[1] |             3.2 |
| txusrclk2_i[2]                                                                             | u_ibert_gty_core/inst/QUAD[0].u_q/u_common/u_clocking/txusrclk2_o[2] |             3.2 |
| txusrclk2_i[2]_1                                                                           | u_ibert_gty_core/inst/QUAD[1].u_q/u_common/u_clocking/txusrclk2_o[2] |             3.2 |
| txusrclk2_i[3]                                                                             | u_ibert_gty_core/inst/QUAD[0].u_q/u_common/u_clocking/txusrclk2_o[3] |             3.2 |
| txusrclk2_i[3]_1                                                                           | u_ibert_gty_core/inst/QUAD[1].u_q/u_common/u_clocking/txusrclk2_o[3] |             3.2 |
| u_ibert_gty_core/inst/QUAD[0].u_q/CH[0].u_ch/u_gtye3_channel/DMONITOROUT[16]               | u_ibert_gty_core/inst/QUAD[0].u_q/CH[0].u_ch/dmonitorclk             |             4.0 |
| u_ibert_gty_core/inst/QUAD[0].u_q/CH[1].u_ch/u_gtye3_channel/DMONITOROUT[16]               | u_ibert_gty_core/inst/QUAD[0].u_q/CH[1].u_ch/dmonitorclk             |             4.0 |
| u_ibert_gty_core/inst/QUAD[0].u_q/CH[2].u_ch/u_gtye3_channel/DMONITOROUT[16]               | u_ibert_gty_core/inst/QUAD[0].u_q/CH[2].u_ch/dmonitorclk             |             4.0 |
| u_ibert_gty_core/inst/QUAD[0].u_q/CH[3].u_ch/u_gtye3_channel/DMONITOROUT[16]               | u_ibert_gty_core/inst/QUAD[0].u_q/CH[3].u_ch/dmonitorclk             |             4.0 |
| u_ibert_gty_core/inst/QUAD[1].u_q/CH[0].u_ch/u_gtye3_channel/DMONITOROUT[16]               | u_ibert_gty_core/inst/QUAD[1].u_q/CH[0].u_ch/dmonitorclk             |             4.0 |
| u_ibert_gty_core/inst/QUAD[1].u_q/CH[1].u_ch/u_gtye3_channel/DMONITOROUT[16]               | u_ibert_gty_core/inst/QUAD[1].u_q/CH[1].u_ch/dmonitorclk             |             4.0 |
| u_ibert_gty_core/inst/QUAD[1].u_q/CH[2].u_ch/u_gtye3_channel/DMONITOROUT[16]               | u_ibert_gty_core/inst/QUAD[1].u_q/CH[2].u_ch/dmonitorclk             |             4.0 |
| u_ibert_gty_core/inst/QUAD[1].u_q/CH[3].u_ch/u_gtye3_channel/DMONITOROUT[16]               | u_ibert_gty_core/inst/QUAD[1].u_q/CH[3].u_ch/dmonitorclk             |             4.0 |
+--------------------------------------------------------------------------------------------+----------------------------------------------------------------------+-----------------+


3. Detailed Reports
-------------------

3.1 By Hierarchy
----------------

+--------------------------------+-----------+
| Name                           | Power (W) |
+--------------------------------+-----------+
| example_ibert_ultrascale_gty_0 |     7.407 |
|   dbg_hub                      |     0.119 |
|     inst                       |     0.119 |
|       BSCANID.u_xsdbm_id       |     0.119 |
|   u_ibert_gty_core             |     7.288 |
|     inst                       |     7.288 |
|       QUAD[0].u_q              |     3.647 |
|       QUAD[1].u_q              |     3.641 |
+--------------------------------+-----------+


